// Jest Snapshot v1, https://goo.gl/fbAQLP

exports[`should render ExpenseListItem correctly 1`] = `
ShallowWrapper {
  "complexSelector": ComplexSelector {
    "buildPredicate": [Function],
    "childrenOfNode": [Function],
    "findWhereUnwrapped": [Function],
  },
  "length": 1,
  "node": <Link
    className="list-item"
    replace={false}
    to="/edit/1"
>
    <div>
        <h3
            className="list-item__title"
        >
            Gum
        </h3>
        <span
            className="list-item__sub-title"
        >
            December 31st, 1969
        </span>
    </div>
    <h3
        className="list-item__data"
    >
        $1.95
    </h3>
</Link>,
  "nodes": Array [
    <Link
      className="list-item"
      replace={false}
      to="/edit/1"
>
      <div>
            <h3
                  className="list-item__title"
            >
                  Gum
            </h3>
            <span
                  className="list-item__sub-title"
            >
                  December 31st, 1969
            </span>
      </div>
      <h3
            className="list-item__data"
      >
            $1.95
      </h3>
</Link>,
  ],
  "options": Object {},
  "renderer": ReactShallowRenderer {
    "_context": Object {},
    "_element": <ExpenseListItem
      amount={195}
      createdAt={0}
      description="Gum"
      id="1"
      note=""
/>,
    "_instance": null,
    "_newState": null,
    "_rendered": <Link
      className="list-item"
      replace={false}
      to="/edit/1"
>
      <div>
            <h3
                  className="list-item__title"
            >
                  Gum
            </h3>
            <span
                  className="list-item__sub-title"
            >
                  December 31st, 1969
            </span>
      </div>
      <h3
            className="list-item__data"
      >
            $1.95
      </h3>
</Link>,
    "_rendering": false,
    "_updater": Updater {
      "_renderer": [Circular],
    },
    "getRenderOutput": [Function],
    "render": [Function],
  },
  "root": [Circular],
  "unrendered": <ExpenseListItem
    amount={195}
    createdAt={0}
    description="Gum"
    id="1"
    note=""
/>,
}
`;
